// Jest Snapshot v1, https://goo.gl/fbAQLP

exports[`Button without props Should match snapshot 1`] = `
.c0 {
  background: white;
  border-color: gray;
  color: gray;
  line-height: 1.5;
  display: inline-block;
  font-weight: 400;
  text-align: center;
  touch-action: manipulation;
  cursor: pointer;
  background-image: none;
  border: 1px solid;
  white-space: nowrap;
  padding: 0 15px;
  font-size: 14px;
  border-radius: 4px;
  height: 32px;
  -webkit-user-select: none;
  -moz-user-select: none;
  -ms-user-select: none;
  user-select: none;
  -webkit-transition: all 0.3s cubic-bezier(0.645,0.045,0.355,1);
  transition: all 0.3s cubic-bezier(0.645,0.045,0.355,1);
  position: relative;
  font-family: Poppins;
}

.c0:hover {
  background: gray;
  color: #fff;
  border-color: gray;
}

<button
  className="c0"
/>
`;
